[DATA_POINT]
1="tcp_connect"
2="tcp_connection_count"
3="mic_recv"
4="HTTP_200"
5="tcp_shutdown"
[END_TRANSACTION]
10="http://crt.rootg2.amazontrust.com/rootg2.cer"
11="rootg2.cer_Action_72"
12="http://crt.r2m03.amazontrust.com/r2m03.cer"
13="r2m03.cer_Action_82"
14="http://x.ss2.us/x.cer"
15="x.cer_Action_92"
16="http://crt.sectigo.com/McAfeeRSAOrganizationValidationSecureServerCA3.crt"
17="McAfeeRSAOrganizationVal_Action_102"
18="http://cacerts.digicert.com/DigiCertTLSRSASHA2562020CA1-1.crt"
19="DigiCertTLSRSASHA2562020_Action_138"
1="vuser_init_Transaction"
2="http://pki.goog/repo/certs/gts1c3.der"
3="gts1c3.der_Action_4"
4="http://pki.goog/repo/certs/gtsr1.der"
5="gtsr1.der_Action_12"
6="http://crt.r2m01.amazontrust.com/r2m01.cer"
20="http://cacerts.digicert.com/DigiCertGlobalCAG2.crt"
7="r2m01.cer_Action_52"
21="DigiCertGlobalCAG2.crt_Action_146"
8="http://crt.rootca1.amazontrust.com/rootca1.cer"
22="http://cacerts.digicert.com/DigiCertGlobalRootCA.crt"
9="rootca1.cer_Action_62"
23="DigiCertGlobalRootCA.crt_Action_162"
24="Action_Transaction"
25="vuser_end_Transaction"
